git add *[K*
]0;/home/wli/Documents/webApp]0;wli@drogon: ~/Documents/webApp[01;32mwli@drogon[00m:[01;34m~/Documents/webApp[00m$ git compile -m ""A"d"d"e"d" "p"[1P"b"a"c"k"e"n"d" "s"c"r"i"p"t"s"[1P"[1P"[1P"[1P"[1P"[1P"[1P"w"e"b"3" "a"n"d" "c"o"n"t"r"a"c"t" "i"n"i"t"i"a"t"i"o"n"[C
git: 'compile' is not a git command. See 'git --help'.
]0;/home/wli/Documents/webApp]0;wli@drogon: ~/Documents/webApp[01;32mwli@drogon[00m:[01;34m~/Documents/webApp[00m$ git compile -m "Added backend web3 and contract initiation"add *[Kcompile -m "Added backend web3 and contract initiation"[C[C[C[C[C[C[C[C[C[C[C[C[C[C[C[C[C[C[C[C[C[C[C[C[C[C[C[C[C[C[C[Kgit compile -m "Added backend web3 and contract initiation"[1P[1P[1P[1P[1@m[1@m[1@i[1@t
git: 'commmit' is not a git command. See 'git --help'.

The most similar command is
	commit
]0;/home/wli/Documents/webApp]0;wli@drogon: ~/Documents/webApp[01;32mwli@drogon[00m:[01;34m~/Documents/webApp[00m$ git commmit -m "Added backend web3 and contract initiation"[1P
[master 359221b] Added backend web3 and contract initiation
 18 files changed, 33477 insertions(+), 18 deletions(-)
 create mode 100644 app.py
 create mode 100644 te.R
 create mode 100644 test.R
 create mode 100644 www/app.js
 create mode 100644 www/build/contracts/Election.json
 create mode 100644 www/build/contracts/Entity.json
 create mode 100644 www/build/contracts/Migrations.json
 create mode 100644 www/contracts/Entity.sol
 create mode 100644 www/contracts/Migrations.sol
 create mode 100644 www/migrations/1_initial_migration.js
 create mode 100644 www/migrations/2_deploy_contracts.js
 create mode 100644 www/test/Entity.js
 create mode 100644 www/truffle-config.js
 create mode 100644 www/truffle.js
]0;/home/wli/Documents/webApp]0;wli@drogon: ~/Documents/webApp[01;32mwli@drogon[00m:[01;34m~/Documents/webApp[00m$ git push[K[K[K[K[K[K[K[Kgit commit -m "Added backend web3 and contract initiation"[C[C[C[C[C[C[C[C[C[C[C[C[C[C[C[C[C[C[C[C[C[C[C[C[C[C[C[C[C[C[C[Kgit push
fatal: cannot run rpostback-askpass: No such file or directory
Password for 'https://opti1396@code.td.com': 
]0;/home/wli/Documents/webApp]0;wli@drogon: ~/Documents/webApp[01;32mwli@drogon[00m:[01;34m~/Documents/webApp[00m$ git --hep[Klp
usage: git [--version] [--help] [-C <path>] [-c <name>=<value>]
           [--exec-path[=<path>]] [--html-path] [--man-path] [--info-path]
           [-p | --paginate | --no-pager] [--no-replace-objects] [--bare]
           [--git-dir=<path>] [--work-tree=<path>] [--namespace=<name>]
           <command> [<args>]

These are common Git commands used in various situations:

start a working area (see also: git help tutorial)
   clone      Clone a repository into a new directory
   init       Create an empty Git repository or reinitialize an existing one

work on the current change (see also: git help everyday)
   add        Add file contents to the index
   mv         Move or rename a file, a directory, or a symlink
   reset      Reset current HEAD to the specified state
   rm         Remove files from the working tree and from the index

examine the history and state (see also: git help revisions)
   bisect     Use binary search to find the commit that introduced a bug
   grep       Print lines matching a pattern
   log        Show commit logs
   show       Show various types of objects
   status     Show the working tree status

grow, mark and tweak your common history
   branch     List, create, or delete branches
   checkout   Switch branches or restore working tree files
   commit     Record changes to the repository
   diff       Show changes between commits, commit and working tree, etc
   merge      Join two or more development histories together
   rebase     Reapply commits on top of another base tip
   tag        Create, list, delete or verify a tag object signed with GPG

collaborate (see also: git help workflows)
   fetch      Download objects and refs from another repository
   pull       Fetch from and integrate with another repository or a local branch
   push       Update remote refs along with associated objects

'git help -a' and 'git help -g' list available subcommands and some
concept guides. See 'git help <command>' or 'git help <concept>'
to read about a specific subcommand or concept.
]0;/home/wli/Documents/webApp]0;wli@drogon: ~/Documents/webApp[01;32mwli@drogon[00m:[01;34m~/Documents/webApp[00m$ git status
On branch master
Your branch is ahead of 'origin/master' by 1 commit.
  (use "git push" to publish your local commits)

Changes not staged for commit:
  (use "git add/rm <file>..." to update what will be committed)
  (use "git checkout -- <file>..." to discard changes in working directory)

	[31mmodified:   .Rproj.user/62B2ECF2/console06/AE84F7EB[m
	[31mmodified:   .Rproj.user/62B2ECF2/console06/INDEX001[m
	[31mmodified:   .Rproj.user/62B2ECF2/pcs/files-pane.pper[m
	[31mmodified:   .Rproj.user/62B2ECF2/pcs/source-pane.pper[m
	[31mmodified:   .Rproj.user/62B2ECF2/pcs/windowlayoutstate.pper[m
	[31mmodified:   .Rproj.user/62B2ECF2/pcs/workbench-pane.pper[m
	[31mmodified:   .Rproj.user/62B2ECF2/sources/prop/3D971C15[m
	[31mmodified:   .Rproj.user/62B2ECF2/sources/prop/C2A7FEDD[m
	[31mmodified:   .Rproj.user/62B2ECF2/sources/prop/INDEX[m
	[31mdeleted:    .Rproj.user/62B2ECF2/sources/s-2c44231d/1837CA4E[m
	[31mdeleted:    .Rproj.user/62B2ECF2/sources/s-2c44231d/1837CA4E-contents[m
	[31mdeleted:    .Rproj.user/62B2ECF2/sources/s-2c44231d/3780072A-contents[m
	[31mdeleted:    .Rproj.user/62B2ECF2/sources/s-2c44231d/48A8DD9A[m
	[31mdeleted:    .Rproj.user/62B2ECF2/sources/s-2c44231d/48A8DD9A-contents[m
	[31mdeleted:    .Rproj.user/62B2ECF2/sources/s-2c44231d/927ED05D[m
	[31mdeleted:    .Rproj.user/62B2ECF2/sources/s-2c44231d/927ED05D-contents[m
	[31mdeleted:    .Rproj.user/62B2ECF2/sources/s-2c44231d/E18760D4[m
	[31mdeleted:    .Rproj.user/62B2ECF2/sources/s-2c44231d/E18760D4-contents[m
	[31mdeleted:    .Rproj.user/62B2ECF2/sources/s-2c44231d/E26A2037-contents[m
	[31mdeleted:    .Rproj.user/62B2ECF2/sources/s-2c44231d/lock_file[m
	[31mmodified:   .Rproj.user/shared/notebooks/paths[m
	[31mdeleted:    contract[m

Untracked files:
  (use "git add <file>..." to include in what will be committed)

	[31m.Rprofile[m
	[31m.gitignore[m

no changes added to commit (use "git add" and/or "git commit -a")
]0;/home/wli/Documents/webApp]0;wli@drogon: ~/Documents/webApp[01;32mwli@drogon[00m:[01;34m~/Documents/webApp[00m$ git -v
unknown option: -v
usage: git [--version] [--help] [-C <path>] [-c <name>=<value>]
           [--exec-path[=<path>]] [--html-path] [--man-path] [--info-path]
           [-p | --paginate | --no-pager] [--no-replace-objects] [--bare]
           [--git-dir=<path>] [--work-tree=<path>] [--namespace=<name>]
           <command> [<args>]
]0;/home/wli/Documents/webApp]0;wli@drogon: ~/Documents/webApp[01;32mwli@drogon[00m:[01;34m~/Documents/webApp[00m$ git -V
unknown option: -V
usage: git [--version] [--help] [-C <path>] [-c <name>=<value>]
           [--exec-path[=<path>]] [--html-path] [--man-path] [--info-path]
           [-p | --paginate | --no-pager] [--no-replace-objects] [--bare]
           [--git-dir=<path>] [--work-tree=<path>] [--namespace=<name>]
           <command> [<args>]
]0;/home/wli/Documents/webApp]0;wli@drogon: ~/Documents/webApp[01;32mwli@drogon[00m:[01;34m~/Documents/webApp[00m$ git -vv
unknown option: -vv
usage: git [--version] [--help] [-C <path>] [-c <name>=<value>]
           [--exec-path[=<path>]] [--html-path] [--man-path] [--info-path]
           [-p | --paginate | --no-pager] [--no-replace-objects] [--bare]
           [--git-dir=<path>] [--work-tree=<path>] [--namespace=<name>]
           <command> [<args>]
]0;/home/wli/Documents/webApp]0;wli@drogon: ~/Documents/webApp[01;32mwli@drogon[00m:[01;34m~/Documents/webApp[00m$ git push origin master
fatal: cannot run rpostback-askpass: No such file or directory
Password for 'https://opti1396@code.td.com': 
Counting objects: 25, done.
Delta compression using up to 32 threads.
Compressing objects:   4% (1/23)   Compressing objects:   8% (2/23)   Compressing objects:  13% (3/23)   Compressing objects:  17% (4/23)   Compressing objects:  21% (5/23)   Compressing objects:  26% (6/23)   Compressing objects:  30% (7/23)   Compressing objects:  34% (8/23)   Compressing objects:  39% (9/23)   Compressing objects:  43% (10/23)   Compressing objects:  47% (11/23)   Compressing objects:  52% (12/23)   Compressing objects:  56% (13/23)   Compressing objects:  60% (14/23)   Compressing objects:  65% (15/23)   Compressing objects:  69% (16/23)   Compressing objects:  73% (17/23)   Compressing objects:  78% (18/23)   Compressing objects:  82% (19/23)   Compressing objects:  86% (20/23)   Compressing objects:  91% (21/23)   Compressing objects:  95% (22/23)   Compressing objects: 100% (23/23)   Compressing objects: 100% (23/23), done.
Writing objects:   4% (1/25)   Writing objects:   8% (2/25)   Writing objects:  12% (3/25)   Writing objects:  16% (4/25)   Writing objects:  20% (5/25)   Writing objects:  24% (6/25)   Writing objects:  28% (7/25)   Writing objects:  32% (8/25)   Writing objects:  36% (9/25)   Writing objects:  40% (10/25)   Writing objects:  44% (11/25)   Writing objects:  48% (12/25)   Writing objects:  52% (13/25)   Writing objects:  60% (15/25)   Writing objects:  64% (16/25)   Writing objects:  68% (17/25)   Writing objects:  72% (18/25)   Writing objects:  76% (19/25)   Writing objects:  80% (20/25)   Writing objects:  84% (21/25)   Writing objects:  88% (22/25)   Writing objects:  92% (23/25)   Writing objects:  96% (24/25)   Writing objects: 100% (25/25)   Writing objects: 100% (25/25), 102.46 KiB | 1.65 MiB/s, done.
Total 25 (delta 6), reused 0 (delta 0)
To https://code.td.com/scm/pri/gsc.git
   7a68f00..359221b  master -> master
git remote set-url matcha https://code.td.com/scm/pri/matcha.git
fatal: No such remote 'matcha'
]0;/home/wli/Documents/webApp]0;wli@drogon: ~/Documents/webApp[01;32mwli@drogon[00m:[01;34m~/Documents/webApp[00m$ git remote set-url matcha https://code.td.com/scm/pri/matcha.git[1P[1@M
fatal: No such remote 'Matcha'
]0;/home/wli/Documents/webApp]0;wli@drogon: ~/Documents/webApp[01;32mwli@drogon[00m:[01;34m~/Documents/webApp[00m$ git remote set-url Matcha https://code.td.com/scm/pri/matcha.git[1P https://code.td.com/scm/pri/matcha.git[1P https://code.td.com/scm/pri/matcha.git[1P https://code.td.com/scm/pri/matcha.git[1P https://code.td.com/scm/pri/matcha.git[1P https://code.td.com/scm/pri/matcha.git[1P https://code.td.com/scm/pri/matcha.gitm https://code.td.com/scm/pri/matcha.gita https://code.td.com/scm/pri/matcha.gits https://code.td.com/scm/pri/matcha.gitt https://code.td.com/scm/pri/matcha.gite https://code.td.com/scm/pri/matcha.gitr https://code.td.com/scm/pri/matcha.git
fatal: No such remote 'master'
]0;/home/wli/Documents/webApp]0;wli@drogon: ~/Documents/webApp[01;32mwli@drogon[00m:[01;34m~/Documents/webApp[00m$ git remote set-url master https://code.td.com/scm/pri/matcha.git[C[C[C[C[C[C[C[C[C[C[C[C[C[C[C[C[C[C[C[C[C[C[C[C[C[C[C[C[C[C[C[Kgit remote set-url master https://code.td.com/scm/pri/matcha.git[1P https://code.td.com/scm/pri/matcha.git[1P https://code.td.com/scm/pri/matcha.git[1P https://code.td.com/scm/pri/matcha.git[1P https://code.td.com/scm/pri/matcha.git[1P https://code.td.com/scm/pri/matcha.git[1P https://code.td.com/scm/pri/matcha.gitr https://code.td.com/scm/pri/matcha.gite https://code.td.com/scm/pri/matcha.git[1P https://code.td.com/scm/pri/matcha.git[1P https://code.td.com/scm/pri/matcha.gito https://code.td.com/scm/pri/matcha.gitr https://code.td.com/scm/pri/matcha.giti https://code.td.com/scm/pri/matcha.gitg https://code.td.com/scm/pri/matcha.giti https://code.td.com/scm/pri/matcha.gitn https://code.td.com/scm/pri/matcha.git
]0;/home/wli/Documents/webApp]0;wli@drogon: ~/Documents/webApp[01;32mwli@drogon[00m:[01;34m~/Documents/webApp[00m$ git remote set-url origin https://code.td.com/scm/pri/matcha.gitmaster[C[C[C[C[C[C[C[C[C[C[C[C[C[C[C[C[C[C[C[C[C[C[C[C[C[C[C[C[C[C[C[C[C[C[C[C[C[C[Corigin[C[C[C[C[C[C[C[C[C[C[C[C[C[C[C[C[C[C[C[C[C[C[C[C[C[C[C[C[C[C[C[C[C[C[C[C[C[C[C[C[C[C[C[C[C[C[C[C[C[C[C[C[C[C[C[C[C[C[C[C[C[C[C[C[C[C[C[C[C[C[Kgit remote set-url origin https://code.td.com/scm/pri/matcha.gitmaster[C[C[C[C[C[C[C[C[C[C[C[C[C[C[C[C[C[C[C[C[C[C[C[C[C[C[C[C[C[C[C[C[C[C[C[C[C[C[CMatcha[C[C[C[C[C[C[C[C[C[C[C[C[C[C[C[C[C[C[C[C[C[C[C[C[C[C[C[C[C[C[C[C[C[C[C[C[C[C[Cmaster[C[C[C[C[C[C[C[C[C[C[C[C[C[C[C[C[C[C[C[C[C[C[C[C[C[C[C[C[C[C[C[C[C[C[C[C[C[C[Corigin[C[C[C[C[C[C[C[C[C[C[C[C[C[C[C[C[C[C[C[C[C[C[C[C[C[C[C[C[C[C[C[C[C[C[C[C[C[C[C[C[C[C[C[C[C[C[C[C[C[C[C[C[C[C[C[C[C[C[C[C[C[C[C[C[C[C[C[C[C[C[Kgit add *
]0;/home/wli/Documents/webApp]0;wli@drogon: ~/Documents/webApp[01;32mwli@drogon[00m:[01;34m~/Documents/webApp[00m$ git c[Kcommit -m ""[KPolished Client App""[K
[master e8396ec] Polished Client App
 12 files changed, 11991 insertions(+), 7539 deletions(-)
 rewrite app.py (81%)
 delete mode 100644 www/build/contracts/Election.json
 create mode 100644 www/npm-debug.log
]0;/home/wli/Documents/webApp]0;wli@drogon: ~/Documents/webApp[01;32mwli@drogon[00m:[01;34m~/Documents/webApp[00m$ git push origin[K[K[K[K[K[K[K
fatal: cannot run rpostback-askpass: No such file or directory
Username for 'https://code.td.com': wli   opti1396
fatal: cannot run rpostback-askpass: No such file or directory
Password for 'https://opti1396@code.td.com': 
Counting objects: 17, done.
Delta compression using up to 32 threads.
Compressing objects:   6% (1/16)   Compressing objects:  12% (2/16)   Compressing objects:  18% (3/16)   Compressing objects:  25% (4/16)   Compressing objects:  31% (5/16)   Compressing objects:  37% (6/16)   Compressing objects:  43% (7/16)   Compressing objects:  50% (8/16)   Compressing objects:  56% (9/16)   Compressing objects:  62% (10/16)   Compressing objects:  68% (11/16)   Compressing objects:  75% (12/16)   Compressing objects:  81% (13/16)   Compressing objects:  87% (14/16)   Compressing objects:  93% (15/16)   Compressing objects: 100% (16/16)   Compressing objects: 100% (16/16), done.
Writing objects:   5% (1/17)   Writing objects:  11% (2/17)   Writing objects:  17% (3/17)   Writing objects:  23% (4/17)   Writing objects:  29% (5/17)   Writing objects:  35% (6/17)   Writing objects:  41% (7/17)   Writing objects:  47% (8/17)   Writing objects:  52% (9/17)   Writing objects:  58% (10/17)   Writing objects:  64% (11/17)   Writing objects:  70% (12/17)   Writing objects:  76% (13/17)   Writing objects:  82% (14/17)   Writing objects:  88% (15/17)   Writing objects:  94% (16/17)   Writing objects: 100% (17/17)   Writing objects: 100% (17/17), 111.16 KiB | 1.52 MiB/s, done.
Total 17 (delta 9), reused 0 (delta 0)
To https://code.td.com/scm/pri/matcha.git
   359221b..e8396ec  master -> master
]0;/home/wli/Documents/webApp]0;wli@drogon: ~/Documents/webApp[01;32mwli@drogon[00m:[01;34m~/Documents/webApp[00m$ 